

Working Directory = /nfs/site/disks/vmisd_vclp_efficiency/rcg/test/cadence/venvRcg/AsicMethadology/synthesis
QoS Summary for scr1_pipe_top
==========================================================================================
Metric                          generic         map             syn_opt         final          
==========================================================================================
Slack (ps):                    -2,245          -2,264          -2,195          -2,195
  R2R (ps):                    -2,245          -2,264          -2,195          -2,195
  I2R (ps):                  no_value        no_value        no_value        no_value
  R2O (ps):                  no_value        no_value        no_value        no_value
  I2O (ps):                  no_value        no_value        no_value        no_value
  CG  (ps):                    -1,641          -1,542          -1,503          -1,503
TNS (ps):                    -200,666        -245,379        -248,595        -248,595
  R2R (ps):                  -188,212        -230,803        -233,619        -233,619
  I2R (ps):                  no_value        no_value        no_value        no_value
  R2O (ps):                  no_value        no_value        no_value        no_value
  I2O (ps):                  no_value        no_value        no_value        no_value
  CG  (ps):                   -12,454         -14,577         -14,976         -14,976
Failing Paths:                    186             190             190             190
Leakage Power (nW):           267,944         268,180         268,131         268,131
Cell Area:                  6,556,896       6,566,418       6,565,905       6,565,905
Total Cell Area:            6,556,896       6,566,418       6,565,905       6,565,905
Leaf Instances:                 5,200           3,330           3,186           3,186
Total Instances:                5,200           3,330           3,186           3,186
Utilization (%):                 0.00            0.00            0.00            0.00
Tot. Net Length (um):        no_value        no_value        no_value        no_value
Avg. Net Length (um):        no_value        no_value        no_value        no_value
Route Overflow H (%):        no_value        no_value        no_value        no_value
Route Overflow V (%):        no_value        no_value        no_value        no_value
MBCI(%) (bits/gate) :            0.00            0.00            0.00            0.00
Norm Cong Hotspot Area:
  Max Cong:                  no_value        no_value        no_value        no_value
  Tot Cong:                  no_value        no_value        no_value        no_value
==========================================================================================
CPU  Runtime (h:m:s):        00:01:02        00:00:48        00:00:23        00:00:01
Real Runtime (h:m:s):        00:01:02        00:00:34        00:00:21        00:00:02
CPU  Elapsed (h:m:s):        00:01:06        00:01:55        00:02:17        00:02:18
Real Elapsed (h:m:s):        00:01:03        00:01:38        00:01:59        00:02:00
Memory (MB):                  1414.52         1423.65         1424.50         1426.50
==========================================================================================
==========================================================================================
Flow Settings:
==========================================================================================
Total Runtime (h:m:s): 00:02:00
Total Memory (MB):     1426.50
Executable Version:    21.12-s068_1
==========================================================================================
Total Cell Area =  Cell Area + Physical Cell Area
Total Instances =  Leaf Instances + Physical Instances


